// Jest Snapshot v1, https://goo.gl/fbAQLP

exports[`snapshot test 1`] = `
Object {
  "Resources": Object {
    "Dashboard9E4231ED": Object {
      "Properties": Object {
        "DashboardBody": Object {
          "Fn::Join": Array [
            "",
            Array [
              "{\\"start\\":\\"-P1M\\",\\"widgets\\":[{\\"type\\":\\"metric\\",\\"width\\":6,\\"height\\":3,\\"x\\":0,\\"y\\":0,\\"properties\\":{\\"view\\":\\"singleValue\\",\\"title\\":\\"moisture001\\",\\"region\\":\\"",
              Object {
                "Ref": "AWS::Region",
              },
              "\\",\\"metrics\\":[[{\\"label\\":\\"moisture001\\",\\"expression\\":\\"((m1 - 640) / (380 - 640)) * 100\\",\\"period\\":21600}],[\\"CUSTOM-IoT/Moisture\\",\\"moisture001\\",{\\"period\\":21600,\\"visible\\":false,\\"id\\":\\"m1\\"}]]}},{\\"type\\":\\"metric\\",\\"width\\":24,\\"height\\":6,\\"x\\":0,\\"y\\":3,\\"properties\\":{\\"view\\":\\"timeSeries\\",\\"title\\":\\"Moisture\\",\\"region\\":\\"",
              Object {
                "Ref": "AWS::Region",
              },
              "\\",\\"metrics\\":[[{\\"label\\":\\"moisture001\\",\\"expression\\":\\"((m1 - 640) / (380 - 640)) * 100\\",\\"period\\":21600}],[\\"CUSTOM-IoT/Moisture\\",\\"moisture001\\",{\\"period\\":21600,\\"visible\\":false,\\"id\\":\\"m1\\"}]],\\"yAxis\\":{}}}]}",
            ],
          ],
        },
        "DashboardName": "CloudWatch-Default",
      },
      "Type": "AWS::CloudWatch::Dashboard",
    },
  },
}
`;
