// Jest Snapshot v1, https://goo.gl/fbAQLP

exports[`snapshot test 1`] = `
Object {
  "Resources": Object {
    "PPA": Object {
      "DependsOn": Array [
        "Policy",
      ],
      "Properties": Object {
        "PolicyName": "wio_terminal_policy",
        "Principal": "test-clientCertArn",
      },
      "Type": "AWS::IoT::PolicyPrincipalAttachment",
    },
    "Policy": Object {
      "Properties": Object {
        "PolicyDocument": Object {
          "Statement": Array [
            Object {
              "Action": Array [
                "iot:Connect",
                "iot:Receive",
                "iot:Publish",
                "iot:Subscribe",
              ],
              "Effect": "Allow",
              "Resource": "*",
            },
          ],
          "Version": "2012-10-17",
        },
        "PolicyName": "wio_terminal_policy",
      },
      "Type": "AWS::IoT::Policy",
    },
    "TPA": Object {
      "DependsOn": Array [
        "Thing",
      ],
      "Properties": Object {
        "Principal": "test-clientCertArn",
        "ThingName": "wio_terminal_01",
      },
      "Type": "AWS::IoT::ThingPrincipalAttachment",
    },
    "Thing": Object {
      "Properties": Object {
        "AttributePayload": Object {},
        "ThingName": "wio_terminal_01",
      },
      "Type": "AWS::IoT::Thing",
    },
  },
}
`;
